fdisk - manipulate disk partition table
Parted - a partition manipulation program 
mkfs - build a Linux filesystem
lsblk - list block devices
blkid - locate/print block device attributes
df - report file system disk space usage
du - estimate file space usage

mount - mount a filesystem
umount - unmount file systems

dd - convert and copy a file


sudo mkfs.ext4 /dev/sdb
sudo blkid /dev/sdb
sudo mkdir /media/luoxue/d
sudo mount /dev/sdb /media/luoxue/d

sudo mkdir -p /mnt/xxx/d
sudo mount /dev/sdb1 /mnt/xxx/d
dd if=/dev/zero of=/mnt/xxx/d/hehe.txt bs=1M count=1024



物理磁盘
文件系统

lvm 
    pv  physical volumes
    vg  volume groups
    lv  logical volumes


机械硬盘构成

磁盘
柱面

磁道
扇区
sudo fdisk -l /dev/sdb
sector
cylinder

Disk /dev/sdb: 2.75 TiB, 3000592982016 bytes, 5860533168 sectors
Disk model: ST3000DM008-2DM1
Units: sectors of 1 * 512 = 512 bytes
Sector size (logical/physical): 512 bytes / 4096 bytes
I/O size (minimum/optimal): 4096 bytes / 4096 bytes
Disklabel type: gpt
Disk identifier: 0E961C2B-5858-9090-8081-828310111213


分区类型
MBR 主引导记录（Master Boot Record）
    位于0磁道0柱面1扇区 共512 bytes
    1.MBR 446 bytes
    2. DPT 64 bytes 分区表
       1. 4个分区信息，每个分区信息16字节
    3. 磁盘有效标志  2 bytes (Magic Number)

GPT GUID Partition Table
    （Globally Unique Identifier）

高级格式化 创建文件系统的过程
低级格式化 硬盘划分磁道，创建扇区

文件系统
    元数据存储区
        inode   Index Node
        inode位图
        块位图
    数据存储区
    磁盘块 block

    df /dev/sdb1 -i

    mknod - make block or character special files

    echo "hello" >> /dev/pts/0
    echo "hello asdfdsafasfdsaf" >> /dev/sda 直接写入数据到硬盘，从0开始

设备文件
    块设备  block      按块为单位 随机访问块
    字符设备 char      以字符为单位，线性访问
    主设备号 major number 用于标识设备类型
    次设备号 ninor number 用于标识同一类型的不同设备
    mknod mydev c 66 0

存储设备
    U盘
    光盘
    硬盘
        IDE ATA     hd
        SATA        sd{a..z}{1..}
        SCSI        sd
        USB         sd
    磁带


luoxue@luoxue-PC:~$ sudo mkfs.ext4 /dev/sdb
mke2fs 1.44.5 (15-Dec-2018)
Found a dos partition table in /dev/sdb
Proceed anyway? (y,N) y
Creating filesystem with 786432000 4k blocks and 196608000 inodes
Filesystem UUID: 2
Superblock backups stored on blocks:704d099-3d13-49c6-a014-bd219bb6c0dc
        32768, 98304, 163840, 229376, 294912, 819200, 884736, 1605632, 2654208,
        4096000, 7962624, 11239424, 20480000, 23887872, 71663616, 78675968,
        102400000, 214990848, 512000000, 550731776, 644972544

Allocating group tables: done
Writing inode tables: done
Creating journal (262144 blocks): done
Writing superblocks and filesystem accounting information: done

Partition table entries are not in disk order.
